#
# There is insufficient memory for the Java Runtime Environment to continue.
# Native memory allocation (malloc) failed to allocate 1048576 bytes. Error detail: AllocateHeap
# Possible reasons:
#   The system is out of physical RAM or swap space
#   This process is running with CompressedOops enabled, and the Java Heap may be blocking the growth of the native heap
# Possible solutions:
#   Reduce memory load on the system
#   Increase physical memory or swap space
#   Check if swap backing store is full
#   Decrease Java heap size (-Xmx/-Xms)
#   Decrease number of Java threads
#   Decrease Java thread stack sizes (-Xss)
#   Set larger code cache with -XX:ReservedCodeCacheSize=
#   JVM is running with Unscaled Compressed Oops mode in which the Java heap is
#     placed in the first 4GB address space. The Java Heap base address is the
#     maximum limit for the native heap growth. Please use -XX:HeapBaseMinAddress
#     to set the Java Heap base and to place the Java Heap above 4GB virtual address.
# This output file may be truncated or incomplete.
#
#  Out of Memory Error (allocation.cpp:44), pid=18160, tid=13812
#
# JRE version: OpenJDK Runtime Environment Temurin-21.0.11+10 (21.0.11+10) (build 21.0.11+10-LTS)
# Java VM: OpenJDK 64-Bit Server VM Temurin-21.0.11+10 (21.0.11+10-LTS, mixed mode, sharing, tiered, compressed oops, compressed class ptrs, parallel gc, windows-amd64)
# No core dump will be written. Minidumps are not enabled by default on client versions of Windows
#

---------------  S U M M A R Y ------------

Command Line: --add-modules=ALL-SYSTEM --add-opens=java.base/java.util=ALL-UNNAMED --add-opens=java.base/java.lang=ALL-UNNAMED --add-opens=java.base/sun.nio.fs=ALL-UNNAMED -Declipse.application=org.eclipse.jdt.ls.core.id1 -Dosgi.bundles.defaultStartLevel=4 -Declipse.product=org.eclipse.jdt.ls.core.product -Djava.import.generatesMetadataFilesAtProjectRoot=false -DDetectVMInstallationsJob.disabled=true -Dfile.encoding=utf8 -XX:+UseParallelGC -XX:GCTimeRatio=4 -XX:AdaptiveSizePolicyWeight=90 -Dsun.zip.disableMemoryMapping=true -Xmx2G -Xms100m -Xlog:disable -javaagent:c:\Users\gaura\.vscode\extensions\redhat.java-1.55.0-win32-x64\lombok\lombok-1.18.39-4050.jar -XX:+HeapDumpOnOutOfMemoryError -XX:HeapDumpPath=c:\Users\gaura\AppData\Roaming\Code\User\workspaceStorage\37db752e0d5116428e49322901bc1e70\redhat.java -Daether.dependencyCollector.impl=bf c:\Users\gaura\.vscode\extensions\redhat.java-1.55.0-win32-x64\server\plugins\org.eclipse.equinox.launcher_1.7.200.v20260619-2039.jar -configuration c:\Users\gaura\AppData\Roaming\Code\User\globalStorage\redhat.java\1.55.0\config_win -data c:\Users\gaura\AppData\Roaming\Code\User\workspaceStorage\37db752e0d5116428e49322901bc1e70\redhat.java\jdt_ws --pipe=\\.\pipe\lsp-e0f2f694912632a1c068827e3c84d654-sock

Host: Intel(R) Core(TM) i5-8265U CPU @ 1.60GHz, 8 cores, 7G,  Windows 11 , 64 bit Build 26100 (10.0.26100.9168)
Time: Fri Aug 28 15:13:18 2026 India Standard Time elapsed time: 317.169827 seconds (0d 0h 5m 17s)

---------------  T H R E A D  ---------------

Current thread (0x0000023c801c7440):  JavaThread "Attach Listener" daemon [_thread_in_vm, id=13812, stack(0x000000aadb600000,0x000000aadb700000) (1024K)]

Stack: [0x000000aadb600000,0x000000aadb700000]
Native frames: (J=compiled Java code, j=interpreted, Vv=VM code, C=native code)
V  [jvm.dll+0x6d7e19]
V  [jvm.dll+0x8b5096]
V  [jvm.dll+0x8b764e]
V  [jvm.dll+0x8b7d33]
V  [jvm.dll+0x284596]
V  [jvm.dll+0xc13c7]
V  [jvm.dll+0x6d86c9]
V  [jvm.dll+0x133616]
V  [jvm.dll+0x3f868e]
V  [jvm.dll+0x85fb0d]
V  [jvm.dll+0x6d664d]
C  [ucrtbase.dll+0x2cd30]
C  [KERNEL32.DLL+0x2ccb7]
C  [ntdll.dll+0xaad6c]


---------------  P R O C E S S  ---------------

Threads class SMR info:
_java_thread_list=0x0000023c8a3ce1a0, length=42, elements={
0x0000023c2861c7f0, 0x0000023c286db870, 0x0000023c801c3fb0, 0x0000023c801c6430,
0x0000023c801c7440, 0x0000023c801c9eb0, 0x0000023c801ca910, 0x0000023c801cd760,
0x0000023c801fdf10, 0x0000023c81b6afe0, 0x0000023c81d30c80, 0x0000023c865fade0,
0x0000023c864049f0, 0x0000023c86898660, 0x0000023c8689a4c0, 0x0000023c871f2540,
0x0000023c8723a1f0, 0x0000023c8723bc30, 0x0000023c8723cfe0, 0x0000023c8723af10,
0x0000023c8723b5a0, 0x0000023c8723c950, 0x0000023c89018130, 0x0000023c89018e50,
0x0000023c890166f0, 0x0000023c890159d0, 0x0000023c890187c0, 0x0000023c890194e0,
0x0000023c89017410, 0x0000023c89017aa0, 0x0000023c89016060, 0x0000023c89019b70,
0x0000023c8901a200, 0x0000023c89016d80, 0x0000023c8901a890, 0x0000023c8901af20,
0x0000023c8901b5b0, 0x0000023c8901bc40, 0x0000023c8901c2d0, 0x0000023c8901c960,
0x0000023c8901cff0, 0x0000023c88c0c1b0
}

Java Threads: ( => current thread )
  0x0000023c2861c7f0 JavaThread "main"                              [_thread_blocked, id=8928, stack(0x000000aadaf00000,0x000000aadb000000) (1024K)]
  0x0000023c286db870 JavaThread "Reference Handler"          daemon [_thread_blocked, id=18284, stack(0x000000aadb300000,0x000000aadb400000) (1024K)]
  0x0000023c801c3fb0 JavaThread "Finalizer"                  daemon [_thread_blocked, id=1492, stack(0x000000aadb400000,0x000000aadb500000) (1024K)]
  0x0000023c801c6430 JavaThread "Signal Dispatcher"          daemon [_thread_blocked, id=10572, stack(0x000000aadb500000,0x000000aadb600000) (1024K)]
=>0x0000023c801c7440 JavaThread "Attach Listener"            daemon [_thread_in_vm, id=13812, stack(0x000000aadb600000,0x000000aadb700000) (1024K)]
  0x0000023c801c9eb0 JavaThread "Service Thread"             daemon [_thread_blocked, id=12260, stack(0x000000aadb700000,0x000000aadb800000) (1024K)]
  0x0000023c801ca910 JavaThread "Monitor Deflation Thread"   daemon [_thread_blocked, id=2212, stack(0x000000aadb800000,0x000000aadb900000) (1024K)]
  0x0000023c801cd760 JavaThread "C2 CompilerThread0"         daemon [_thread_blocked, id=18180, stack(0x000000aadb900000,0x000000aadba00000) (1024K)]
  0x0000023c801fdf10 JavaThread "C1 CompilerThread0"         daemon [_thread_blocked, id=13848, stack(0x000000aadba00000,0x000000aadbb00000) (1024K)]
  0x0000023c81b6afe0 JavaThread "Common-Cleaner"             daemon [_thread_blocked, id=2280, stack(0x000000aadbc00000,0x000000aadbd00000) (1024K)]
  0x0000023c81d30c80 JavaThread "Notification Thread"        daemon [_thread_blocked, id=3124, stack(0x000000aadbb00000,0x000000aadbc00000) (1024K)]
  0x0000023c865fade0 JavaThread "Active Thread: Equinox Container: 1a6dc846-466b-4aa0-a895-e222dac3355f"        [_thread_blocked, id=13688, stack(0x000000aadbe00000,0x000000aadbf00000) (1024K)]
  0x0000023c864049f0 JavaThread "Refresh Thread: Equinox Container: 1a6dc846-466b-4aa0-a895-e222dac3355f" daemon [_thread_blocked, id=928, stack(0x000000aadc600000,0x000000aadc700000) (1024K)]
  0x0000023c86898660 JavaThread "Framework Event Dispatcher: Equinox Container: 1a6dc846-466b-4aa0-a895-e222dac3355f" daemon [_thread_blocked, id=9828, stack(0x000000aadbd00000,0x000000aadbe00000) (1024K)]
  0x0000023c8689a4c0 JavaThread "Start Level: Equinox Container: 1a6dc846-466b-4aa0-a895-e222dac3355f" daemon [_thread_blocked, id=12032, stack(0x000000aadc700000,0x000000aadc800000) (1024K)]
  0x0000023c871f2540 JavaThread "Bundle File Closer"         daemon [_thread_blocked, id=4488, stack(0x000000aadca00000,0x000000aadcb00000) (1024K)]
  0x0000023c8723a1f0 JavaThread "SCR Component Actor"        daemon [_thread_blocked, id=16140, stack(0x000000aadc800000,0x000000aadc900000) (1024K)]
  0x0000023c8723bc30 JavaThread "Worker-JM"                         [_thread_blocked, id=16484, stack(0x000000aadcb00000,0x000000aadcc00000) (1024K)]
  0x0000023c8723cfe0 JavaThread "JNA Cleaner"                daemon [_thread_blocked, id=14484, stack(0x000000aadc900000,0x000000aadca00000) (1024K)]
  0x0000023c8723af10 JavaThread "Java indexing"              daemon [_thread_blocked, id=10236, stack(0x000000aadd000000,0x000000aadd100000) (1024K)]
  0x0000023c8723b5a0 JavaThread "Worker-2"                          [_thread_blocked, id=5292, stack(0x000000aadd300000,0x000000aadd400000) (1024K)]
  0x0000023c8723c950 JavaThread "Worker-3"                          [_thread_blocked, id=3992, stack(0x000000aadd400000,0x000000aadd500000) (1024K)]
  0x0000023c89018130 JavaThread "Thread-1"                   daemon [_thread_in_native, id=13472, stack(0x000000aadd600000,0x000000aadd700000) (1024K)]
  0x0000023c89018e50 JavaThread "Thread-2"                   daemon [_thread_in_native, id=18096, stack(0x000000aadd700000,0x000000aadd800000) (1024K)]
  0x0000023c890166f0 JavaThread "Thread-3"                   daemon [_thread_in_native, id=14792, stack(0x000000aadd800000,0x000000aadd900000) (1024K)]
  0x0000023c890159d0 JavaThread "Thread-4"                   daemon [_thread_in_native, id=2620, stack(0x000000aadd900000,0x000000aadda00000) (1024K)]
  0x0000023c890187c0 JavaThread "Thread-5"                   daemon [_thread_in_native, id=11272, stack(0x000000aadda00000,0x000000aaddb00000) (1024K)]
  0x0000023c890194e0 JavaThread "Thread-6"                   daemon [_thread_in_native, id=17768, stack(0x000000aaddb00000,0x000000aaddc00000) (1024K)]
  0x0000023c89017410 JavaThread "Thread-7"                   daemon [_thread_in_native, id=3792, stack(0x000000aaddc00000,0x000000aaddd00000) (1024K)]
  0x0000023c89017aa0 JavaThread "Thread-8"                   daemon [_thread_in_native, id=2808, stack(0x000000aaddd00000,0x000000aadde00000) (1024K)]
  0x0000023c89016060 JavaThread "Thread-9"                   daemon [_thread_in_native, id=10788, stack(0x000000aadde00000,0x000000aaddf00000) (1024K)]
  0x0000023c89019b70 JavaThread "pool-2-thread-1"                   [_thread_blocked, id=9524, stack(0x000000aaddf00000,0x000000aade000000) (1024K)]
  0x0000023c8901a200 JavaThread "WorkspaceEventsHandler"            [_thread_blocked, id=5444, stack(0x000000aade000000,0x000000aade100000) (1024K)]
  0x0000023c89016d80 JavaThread "pool-1-thread-1"                   [_thread_blocked, id=1116, stack(0x000000aade100000,0x000000aade200000) (1024K)]
  0x0000023c8901a890 JavaThread "PatternSearchJob-worker-1"  daemon [_thread_blocked, id=11664, stack(0x000000aade200000,0x000000aade300000) (1024K)]
  0x0000023c8901af20 JavaThread "PatternSearchJob-worker-2"  daemon [_thread_blocked, id=9448, stack(0x000000aade300000,0x000000aade400000) (1024K)]
  0x0000023c8901b5b0 JavaThread "PatternSearchJob-worker-3"  daemon [_thread_blocked, id=14768, stack(0x000000aade400000,0x000000aade500000) (1024K)]
  0x0000023c8901bc40 JavaThread "PatternSearchJob-worker-4"  daemon [_thread_blocked, id=2904, stack(0x000000aade500000,0x000000aade600000) (1024K)]
  0x0000023c8901c2d0 JavaThread "PatternSearchJob-worker-5"  daemon [_thread_blocked, id=2764, stack(0x000000aade600000,0x000000aade700000) (1024K)]
  0x0000023c8901c960 JavaThread "PatternSearchJob-worker-6"  daemon [_thread_blocked, id=8228, stack(0x000000aade700000,0x000000aade800000) (1024K)]
  0x0000023c8901cff0 JavaThread "PatternSearchJob-worker-7"  daemon [_thread_blocked, id=1748, stack(0x000000aade800000,0x000000aade900000) (1024K)]
  0x0000023c88c0c1b0 JavaThread "ForkJoinPool.commonPool-worker-2" daemon [_thread_blocked, id=13972, stack(0x000000aadea00000,0x000000aadeb00000) (1024K)]
Total: 42

Other Threads:
  0x0000023c286bfa50 VMThread "VM Thread"                           [id=9480, stack(0x000000aadb200000,0x000000aadb300000) (1024K)]
  0x0000023c800dca00 WatcherThread "VM Periodic Task Thread"        [id=13308, stack(0x000000aadb100000,0x000000aadb200000) (1024K)]
  0x0000023c2863c5c0 WorkerThread "GC Thread#0"                     [id=15496, stack(0x000000aadb000000,0x000000aadb100000) (1024K)]
  0x0000023c8654e5b0 WorkerThread "GC Thread#1"                     [id=12448, stack(0x000000aadbf00000,0x000000aadc000000) (1024K)]
  0x0000023c8654d7f0 WorkerThread "GC Thread#2"                     [id=13924, stack(0x000000aadc000000,0x000000aadc100000) (1024K)]
  0x0000023c8654dba0 WorkerThread "GC Thread#3"                     [id=13576, stack(0x000000aadc100000,0x000000aadc200000) (1024K)]
  0x0000023c8654df50 WorkerThread "GC Thread#4"                     [id=15364, stack(0x000000aadc200000,0x000000aadc300000) (1024K)]
  0x0000023c864edb30 WorkerThread "GC Thread#5"                     [id=13984, stack(0x000000aadc300000,0x000000aadc400000) (1024K)]
  0x0000023c864edee0 WorkerThread "GC Thread#6"                     [id=16612, stack(0x000000aadc400000,0x000000aadc500000) (1024K)]
  0x0000023c867f32a0 WorkerThread "GC Thread#7"                     [id=3288, stack(0x000000aadc500000,0x000000aadc600000) (1024K)]
Total: 10

Threads with active compile tasks:
Total: 0

VM state: not at safepoint (normal execution)

VM Mutex/Monitor currently owned by a thread: None

Heap address: 0x0000000080000000, size: 2048 MB, Compressed Oops mode: 32-bit

CDS archive(s) mapped at: [0x0000023c3f000000-0x0000023c3fba0000-0x0000023c3fba0000), size 12189696, SharedBaseAddress: 0x0000023c3f000000, ArchiveRelocationMode: 1.
Compressed class space mapped at: 0x0000023c40000000-0x0000023c80000000, reserved size: 1073741824
Narrow klass base: 0x0000023c3f000000, Narrow klass shift: 0, Narrow klass range: 0x100000000

GC Precious Log:
 CardTable entry size: 512
 CPUs: 8 total, 8 available
 Memory: 8067M
 Large Page Support: Disabled
 NUMA Support: Disabled
 Compressed Oops: Enabled (32-bit)
 Alignments: Space 512K, Generation 512K, Heap 2M
 Heap Min Capacity: 100M
 Heap Initial Capacity: 100M
 Heap Max Capacity: 2G
 Pre-touch: Disabled
 Parallel Workers: 8

Heap:
 PSYoungGen      total 14336K, used 2590K [0x00000000d5580000, 0x00000000d6800000, 0x0000000100000000)
  eden space 13312K, 11% used [0x00000000d5580000,0x00000000d570b7d0,0x00000000d6280000)
  from space 1024K, 98% used [0x00000000d6500000,0x00000000d65fc210,0x00000000d6600000)
  to   space 2560K, 0% used [0x00000000d6280000,0x00000000d6280000,0x00000000d6500000)
 ParOldGen       total 103424K, used 77743K [0x0000000080000000, 0x0000000086500000, 0x00000000d5580000)
  object space 103424K, 75% used [0x0000000080000000,0x0000000084bebf38,0x0000000086500000)
 Metaspace       used 61600K, committed 63104K, reserved 1114112K
  class space    used 6586K, committed 7232K, reserved 1048576K

Card table byte_map: [0x0000023c27fc0000,0x0000023c283d0000] _byte_map_base: 0x0000023c27bc0000

Marking Bits: (ParMarkBitMap*) 0x00007ffe921d4460
 Begin Bits: [0x0000023c3aad0000, 0x0000023c3cad0000)
 End Bits:   [0x0000023c3cad0000, 0x0000023c3ead0000)

Polling page: 0x0000023c26880000

Metaspace:

Usage:
  Non-class:     53.72 MB used.
      Class:      6.43 MB used.
       Both:     60.16 MB used.

Virtual space:
  Non-class space:       64.00 MB reserved,      54.56 MB ( 85%) committed,  1 nodes.
      Class space:        1.00 GB reserved,       7.06 MB ( <1%) committed,  1 nodes.
             Both:        1.06 GB reserved,      61.62 MB (  6%) committed. 

Chunk freelists:
   Non-Class:  9.30 MB
       Class:  8.78 MB
        Both:  18.08 MB

MaxMetaspaceSize: unlimited
CompressedClassSpaceSize: 1.00 GB
Initial GC threshold: 21.00 MB
Current GC threshold: 97.31 MB
CDS: on
 - commit_granule_bytes: 65536.
 - commit_granule_words: 8192.
 - virtual_space_node_default_size: 8388608.
 - enlarge_chunks_in_place: 1.
 - use_allocation_guard: 0.


Internal statistics:

num_allocs_failed_limit: 11.
num_arena_births: 1246.
num_arena_deaths: 20.
num_vsnodes_births: 2.
num_vsnodes_deaths: 0.
num_space_committed: 986.
num_space_uncommitted: 0.
num_chunks_returned_to_freelist: 34.
num_chunks_taken_from_freelist: 4216.
num_chunk_merges: 20.
num_chunk_splits: 2562.
num_chunks_enlarged: 1391.
num_inconsistent_stats: 0.

CodeHeap 'non-profiled nmethods': size=120000Kb used=8610Kb max_used=8610Kb free=111389Kb
 bounds [0x0000023c332f0000, 0x0000023c33b60000, 0x0000023c3a820000]
CodeHeap 'profiled nmethods': size=120000Kb used=25447Kb max_used=25447Kb free=94552Kb
 bounds [0x0000023c2b820000, 0x0000023c2d100000, 0x0000023c32d50000]
CodeHeap 'non-nmethods': size=5760Kb used=1421Kb max_used=1529Kb free=4338Kb
 bounds [0x0000023c32d50000, 0x0000023c32fc0000, 0x0000023c332f0000]
CodeCache: size=245760Kb, used=35478Kb, max_used=35586Kb, free=210279Kb
 total_blobs=11682, nmethods=10955, adapters=632, full_count=0
Compilation: enabled, stopped_count=0, restarted_count=0

Compilation events (20 events):
Event: 42.966 Thread 0x0000023c801fdf10 11688       3       org.eclipse.core.internal.jobs.JobManager::now (16 bytes)
Event: 42.967 Thread 0x0000023c86b191c0 nmethod 11678 0x0000023c33b46310 code [0x0000023c33b464a0, 0x0000023c33b46560]
Event: 42.967 Thread 0x0000023c801fdf10 nmethod 11688 0x0000023c2d0f4310 code [0x0000023c2d0f4520, 0x0000023c2d0f4ad0]
Event: 42.967 Thread 0x0000023c801fdf10 11689       3       org.eclipse.core.internal.jobs.JobManager$$Lambda/0x0000023c401b4be8::<init> (10 bytes)
Event: 42.967 Thread 0x0000023c801fdf10 nmethod 11689 0x0000023c2d0f4d90 code [0x0000023c2d0f4f40, 0x0000023c2d0f50c8]
Event: 42.967 Thread 0x0000023c801fdf10 11691       3       java.lang.invoke.VarHandleGuards::guard_LL_V (123 bytes)
Event: 42.969 Thread 0x0000023c86b191c0 11692       4       com.google.gson.internal.GsonTypes::equals (286 bytes)
Event: 42.972 Thread 0x0000023c801fdf10 nmethod 11691 0x0000023c2d0f5190 code [0x0000023c2d0f55c0, 0x0000023c2d0f79d0]
Event: 42.986 Thread 0x0000023c86b191c0 nmethod 11692 0x0000023c33b46610 code [0x0000023c33b468c0, 0x0000023c33b47080]
Event: 43.405 Thread 0x0000023c801cd760 nmethod 11669 0x0000023c33b47690 code [0x0000023c33b48640, 0x0000023c33b52110]
Event: 283.000 Thread 0x0000023c801fdf10 11693       1       org.eclipse.core.internal.jobs.JobManager::isActive (5 bytes)
Event: 283.009 Thread 0x0000023c801fdf10 nmethod 11693 0x0000023c33b58710 code [0x0000023c33b588a0, 0x0000023c33b58970]
Event: 301.251 Thread 0x0000023c801fdf10 11694       3       java.util.concurrent.Executors$RunnableAdapter::call (14 bytes)
Event: 301.261 Thread 0x0000023c801fdf10 nmethod 11694 0x0000023c2d0f8590 code [0x0000023c2d0f8740, 0x0000023c2d0f8928]
Event: 309.057 Thread 0x0000023c801fdf10 11695       3       org.eclipse.core.internal.resources.MarkerAttributeMap::getMap (11 bytes)
Event: 309.062 Thread 0x0000023c801fdf10 nmethod 11695 0x0000023c2d0f8a10 code [0x0000023c2d0f8bc0, 0x0000023c2d0f8e00]
Event: 309.062 Thread 0x0000023c801fdf10 11696       3       org.eclipse.core.internal.utils.StringPool::add (50 bytes)
Event: 309.076 Thread 0x0000023c801fdf10 nmethod 11696 0x0000023c2d0f8f10 code [0x0000023c2d0f9100, 0x0000023c2d0f95d0]
Event: 309.076 Thread 0x0000023c801fdf10 11697       3       org.eclipse.core.internal.dtree.DataTreeNode::storeStrings (28 bytes)
Event: 309.077 Thread 0x0000023c801fdf10 nmethod 11697 0x0000023c2d0f9790 code [0x0000023c2d0f9960, 0x0000023c2d0f9de0]

GC Heap History (20 events):
Event: 30.393 GC heap before
{Heap before GC invocations=130 (full 2):
 PSYoungGen      total 15360K, used 15344K [0x00000000d5580000, 0x00000000d6800000, 0x0000000100000000)
  eden space 13824K, 100% used [0x00000000d5580000,0x00000000d6300000,0x00000000d6300000)
  from space 1536K, 98% used [0x00000000d6300000,0x00000000d647c010,0x00000000d6480000)
  to   space 2560K, 0% used [0x00000000d6580000,0x00000000d6580000,0x00000000d6800000)
 ParOldGen       total 99840K, used 99364K [0x0000000080000000, 0x0000000086180000, 0x00000000d5580000)
  object space 99840K, 99% used [0x0000000080000000,0x0000000086109060,0x0000000086180000)
 Metaspace       used 55388K, committed 56768K, reserved 1114112K
  class space    used 5905K, committed 6528K, reserved 1048576K
}
Event: 30.397 GC heap after
{Heap after GC invocations=130 (full 2):
 PSYoungGen      total 15872K, used 1536K [0x00000000d5580000, 0x00000000d6780000, 0x0000000100000000)
  eden space 13824K, 0% used [0x00000000d5580000,0x00000000d5580000,0x00000000d6300000)
  from space 2048K, 75% used [0x00000000d6580000,0x00000000d6700020,0x00000000d6780000)
  to   space 2048K, 0% used [0x00000000d6380000,0x00000000d6380000,0x00000000d6580000)
 ParOldGen       total 101376K, used 100868K [0x0000000080000000, 0x0000000086300000, 0x00000000d5580000)
  object space 101376K, 99% used [0x0000000080000000,0x0000000086281060,0x0000000086300000)
 Metaspace       used 55388K, committed 56768K, reserved 1114112K
  class space    used 5905K, committed 6528K, reserved 1048576K
}
Event: 30.776 GC heap before
{Heap before GC invocations=131 (full 2):
 PSYoungGen      total 15872K, used 15335K [0x00000000d5580000, 0x00000000d6780000, 0x0000000100000000)
  eden space 13824K, 99% used [0x00000000d5580000,0x00000000d62f9ed8,0x00000000d6300000)
  from space 2048K, 75% used [0x00000000d6580000,0x00000000d6700020,0x00000000d6780000)
  to   space 2048K, 0% used [0x00000000d6380000,0x00000000d6380000,0x00000000d6580000)
 ParOldGen       total 101376K, used 100868K [0x0000000080000000, 0x0000000086300000, 0x00000000d5580000)
  object space 101376K, 99% used [0x0000000080000000,0x0000000086281060,0x0000000086300000)
 Metaspace       used 57157K, committed 58560K, reserved 1114112K
  class space    used 6116K, committed 6720K, reserved 1048576K
}
Event: 30.781 GC heap after
{Heap after GC invocations=131 (full 2):
 PSYoungGen      total 14848K, used 931K [0x00000000d5580000, 0x00000000d6600000, 0x0000000100000000)
  eden space 13824K, 0% used [0x00000000d5580000,0x00000000d5580000,0x00000000d6300000)
  from space 1024K, 90% used [0x00000000d6380000,0x00000000d6468f38,0x00000000d6480000)
  to   space 1536K, 0% used [0x00000000d6480000,0x00000000d6480000,0x00000000d6600000)
 ParOldGen       total 102400K, used 102213K [0x0000000080000000, 0x0000000086400000, 0x00000000d5580000)
  object space 102400K, 99% used [0x0000000080000000,0x00000000863d1790,0x0000000086400000)
 Metaspace       used 57157K, committed 58560K, reserved 1114112K
  class space    used 6116K, committed 6720K, reserved 1048576K
}
Event: 31.849 GC heap before
{Heap before GC invocations=132 (full 2):
 PSYoungGen      total 14848K, used 14755K [0x00000000d5580000, 0x00000000d6600000, 0x0000000100000000)
  eden space 13824K, 100% used [0x00000000d5580000,0x00000000d6300000,0x00000000d6300000)
  from space 1024K, 90% used [0x00000000d6380000,0x00000000d6468f38,0x00000000d6480000)
  to   space 1536K, 0% used [0x00000000d6480000,0x00000000d6480000,0x00000000d6600000)
 ParOldGen       total 102400K, used 102213K [0x0000000080000000, 0x0000000086400000, 0x00000000d5580000)
  object space 102400K, 99% used [0x0000000080000000,0x00000000863d1790,0x0000000086400000)
 Metaspace       used 58029K, committed 59520K, reserved 1114112K
  class space    used 6204K, committed 6848K, reserved 1048576K
}
Event: 31.851 GC heap after
{Heap after GC invocations=132 (full 2):
 PSYoungGen      total 14336K, used 352K [0x00000000d5580000, 0x00000000d6500000, 0x0000000100000000)
  eden space 13824K, 0% used [0x00000000d5580000,0x00000000d5580000,0x00000000d6300000)
  from space 512K, 68% used [0x00000000d6480000,0x00000000d64d8000,0x00000000d6500000)
  to   space 1024K, 0% used [0x00000000d6300000,0x00000000d6300000,0x00000000d6400000)
 ParOldGen       total 103424K, used 103039K [0x0000000080000000, 0x0000000086500000, 0x00000000d5580000)
  object space 103424K, 99% used [0x0000000080000000,0x000000008649ffb8,0x0000000086500000)
 Metaspace       used 58029K, committed 59520K, reserved 1114112K
  class space    used 6204K, committed 6848K, reserved 1048576K
}
Event: 32.225 GC heap before
{Heap before GC invocations=133 (full 2):
 PSYoungGen      total 14336K, used 4437K [0x00000000d5580000, 0x00000000d6500000, 0x0000000100000000)
  eden space 13824K, 29% used [0x00000000d5580000,0x00000000d597d6d8,0x00000000d6300000)
  from space 512K, 68% used [0x00000000d6480000,0x00000000d64d8000,0x00000000d6500000)
  to   space 1024K, 0% used [0x00000000d6300000,0x00000000d6300000,0x00000000d6400000)
 ParOldGen       total 103424K, used 103039K [0x0000000080000000, 0x0000000086500000, 0x00000000d5580000)
  object space 103424K, 99% used [0x0000000080000000,0x000000008649ffb8,0x0000000086500000)
 Metaspace       used 58348K, committed 59776K, reserved 1114112K
  class space    used 6224K, committed 6848K, reserved 1048576K
}
Event: 32.227 GC heap after
{Heap after GC invocations=133 (full 2):
 PSYoungGen      total 14848K, used 224K [0x00000000d5580000, 0x00000000d6500000, 0x0000000100000000)
  eden space 13824K, 0% used [0x00000000d5580000,0x00000000d5580000,0x00000000d6300000)
  from space 1024K, 21% used [0x00000000d6300000,0x00000000d6338000,0x00000000d6400000)
  to   space 512K, 0% used [0x00000000d6480000,0x00000000d6480000,0x00000000d6500000)
 ParOldGen       total 103424K, used 103223K [0x0000000080000000, 0x0000000086500000, 0x00000000d5580000)
  object space 103424K, 99% used [0x0000000080000000,0x00000000864cdfb8,0x0000000086500000)
 Metaspace       used 58348K, committed 59776K, reserved 1114112K
  class space    used 6224K, committed 6848K, reserved 1048576K
}
Event: 32.227 GC heap before
{Heap before GC invocations=134 (full 3):
 PSYoungGen      total 14848K, used 224K [0x00000000d5580000, 0x00000000d6500000, 0x0000000100000000)
  eden space 13824K, 0% used [0x00000000d5580000,0x00000000d5580000,0x00000000d6300000)
  from space 1024K, 21% used [0x00000000d6300000,0x00000000d6338000,0x00000000d6400000)
  to   space 512K, 0% used [0x00000000d6480000,0x00000000d6480000,0x00000000d6500000)
 ParOldGen       total 103424K, used 103223K [0x0000000080000000, 0x0000000086500000, 0x00000000d5580000)
  object space 103424K, 99% used [0x0000000080000000,0x00000000864cdfb8,0x0000000086500000)
 Metaspace       used 58348K, committed 59776K, reserved 1114112K
  class space    used 6224K, committed 6848K, reserved 1048576K
}
Event: 32.486 GC heap after
{Heap after GC invocations=134 (full 3):
 PSYoungGen      total 14848K, used 0K [0x00000000d5580000, 0x00000000d6500000, 0x0000000100000000)
  eden space 13824K, 0% used [0x00000000d5580000,0x00000000d5580000,0x00000000d6300000)
  from space 1024K, 0% used [0x00000000d6300000,0x00000000d6300000,0x00000000d6400000)
  to   space 512K, 0% used [0x00000000d6480000,0x00000000d6480000,0x00000000d6500000)
 ParOldGen       total 103424K, used 74522K [0x0000000080000000, 0x0000000086500000, 0x00000000d5580000)
  object space 103424K, 72% used [0x0000000080000000,0x00000000848c68c0,0x0000000086500000)
 Metaspace       used 58343K, committed 59776K, reserved 1114112K
  class space    used 6223K, committed 6848K, reserved 1048576K
}
Event: 33.237 GC heap before
{Heap before GC invocations=135 (full 3):
 PSYoungGen      total 14848K, used 13824K [0x00000000d5580000, 0x00000000d6500000, 0x0000000100000000)
  eden space 13824K, 100% used [0x00000000d5580000,0x00000000d6300000,0x00000000d6300000)
  from space 1024K, 0% used [0x00000000d6300000,0x00000000d6300000,0x00000000d6400000)
  to   space 512K, 0% used [0x00000000d6480000,0x00000000d6480000,0x00000000d6500000)
 ParOldGen       total 103424K, used 74522K [0x0000000080000000, 0x0000000086500000, 0x00000000d5580000)
  object space 103424K, 72% used [0x0000000080000000,0x00000000848c68c0,0x0000000086500000)
 Metaspace       used 59169K, committed 60544K, reserved 1114112K
  class space    used 6300K, committed 6912K, reserved 1048576K
}
Event: 33.239 GC heap after
{Heap after GC invocations=135 (full 3):
 PSYoungGen      total 14336K, used 384K [0x00000000d5580000, 0x00000000d6500000, 0x0000000100000000)
  eden space 13824K, 0% used [0x00000000d5580000,0x00000000d5580000,0x00000000d6300000)
  from space 512K, 75% used [0x00000000d6480000,0x00000000d64e0000,0x00000000d6500000)
  to   space 512K, 0% used [0x00000000d6400000,0x00000000d6400000,0x00000000d6480000)
 ParOldGen       total 103424K, used 74530K [0x0000000080000000, 0x0000000086500000, 0x00000000d5580000)
  object space 103424K, 72% used [0x0000000080000000,0x00000000848c88c0,0x0000000086500000)
 Metaspace       used 59169K, committed 60544K, reserved 1114112K
  class space    used 6300K, committed 6912K, reserved 1048576K
}
Event: 33.798 GC heap before
{Heap before GC invocations=136 (full 3):
 PSYoungGen      total 14336K, used 14208K [0x00000000d5580000, 0x00000000d6500000, 0x0000000100000000)
  eden space 13824K, 100% used [0x00000000d5580000,0x00000000d6300000,0x00000000d6300000)
  from space 512K, 75% used [0x00000000d6480000,0x00000000d64e0000,0x00000000d6500000)
  to   space 512K, 0% used [0x00000000d6400000,0x00000000d6400000,0x00000000d6480000)
 ParOldGen       total 103424K, used 74530K [0x0000000080000000, 0x0000000086500000, 0x00000000d5580000)
  object space 103424K, 72% used [0x0000000080000000,0x00000000848c88c0,0x0000000086500000)
 Metaspace       used 60155K, committed 61568K, reserved 1114112K
  class space    used 6433K, committed 7040K, reserved 1048576K
}
Event: 33.801 GC heap after
{Heap after GC invocations=136 (full 3):
 PSYoungGen      total 14336K, used 512K [0x00000000d5580000, 0x00000000d6700000, 0x0000000100000000)
  eden space 13824K, 0% used [0x00000000d5580000,0x00000000d5580000,0x00000000d6300000)
  from space 512K, 100% used [0x00000000d6400000,0x00000000d6480000,0x00000000d6480000)
  to   space 2048K, 0% used [0x00000000d6500000,0x00000000d6500000,0x00000000d6700000)
 ParOldGen       total 103424K, used 75402K [0x0000000080000000, 0x0000000086500000, 0x00000000d5580000)
  object space 103424K, 72% used [0x0000000080000000,0x00000000849a28c0,0x0000000086500000)
 Metaspace       used 60155K, committed 61568K, reserved 1114112K
  class space    used 6433K, committed 7040K, reserved 1048576K
}
Event: 33.895 GC heap before
{Heap before GC invocations=137 (full 3):
 PSYoungGen      total 14336K, used 14272K [0x00000000d5580000, 0x00000000d6700000, 0x0000000100000000)
  eden space 13824K, 99% used [0x00000000d5580000,0x00000000d62f01a0,0x00000000d6300000)
  from space 512K, 100% used [0x00000000d6400000,0x00000000d6480000,0x00000000d6480000)
  to   space 2048K, 0% used [0x00000000d6500000,0x00000000d6500000,0x00000000d6700000)
 ParOldGen       total 103424K, used 75402K [0x0000000080000000, 0x0000000086500000, 0x00000000d5580000)
  object space 103424K, 72% used [0x0000000080000000,0x00000000849a28c0,0x0000000086500000)
 Metaspace       used 60248K, committed 61696K, reserved 1114112K
  class space    used 6444K, committed 7104K, reserved 1048576K
}
Event: 33.898 GC heap after
{Heap after GC invocations=137 (full 3):
 PSYoungGen      total 15360K, used 1024K [0x00000000d5580000, 0x00000000d6680000, 0x0000000100000000)
  eden space 13824K, 0% used [0x00000000d5580000,0x00000000d5580000,0x00000000d6300000)
  from space 1536K, 66% used [0x00000000d6500000,0x00000000d6600010,0x00000000d6680000)
  to   space 1536K, 0% used [0x00000000d6380000,0x00000000d6380000,0x00000000d6500000)
 ParOldGen       total 103424K, used 75922K [0x0000000080000000, 0x0000000086500000, 0x00000000d5580000)
  object space 103424K, 73% used [0x0000000080000000,0x0000000084a248c0,0x0000000086500000)
 Metaspace       used 60248K, committed 61696K, reserved 1114112K
  class space    used 6444K, committed 7104K, reserved 1048576K
}
Event: 34.190 GC heap before
{Heap before GC invocations=138 (full 3):
 PSYoungGen      total 15360K, used 14848K [0x00000000d5580000, 0x00000000d6680000, 0x0000000100000000)
  eden space 13824K, 100% used [0x00000000d5580000,0x00000000d6300000,0x00000000d6300000)
  from space 1536K, 66% used [0x00000000d6500000,0x00000000d6600010,0x00000000d6680000)
  to   space 1536K, 0% used [0x00000000d6380000,0x00000000d6380000,0x00000000d6500000)
 ParOldGen       total 103424K, used 75922K [0x0000000080000000, 0x0000000086500000, 0x00000000d5580000)
  object space 103424K, 73% used [0x0000000080000000,0x0000000084a248c0,0x0000000086500000)
 Metaspace       used 61052K, committed 62528K, reserved 1114112K
  class space    used 6537K, committed 7168K, reserved 1048576K
}
Event: 34.194 GC heap after
{Heap after GC invocations=138 (full 3):
 PSYoungGen      total 15360K, used 1279K [0x00000000d5580000, 0x00000000d6600000, 0x0000000100000000)
  eden space 13824K, 0% used [0x00000000d5580000,0x00000000d5580000,0x00000000d6300000)
  from space 1536K, 83% used [0x00000000d6380000,0x00000000d64bfdc8,0x00000000d6500000)
  to   space 1024K, 0% used [0x00000000d6500000,0x00000000d6500000,0x00000000d6600000)
 ParOldGen       total 103424K, used 76698K [0x0000000080000000, 0x0000000086500000, 0x00000000d5580000)
  object space 103424K, 74% used [0x0000000080000000,0x0000000084ae68e0,0x0000000086500000)
 Metaspace       used 61052K, committed 62528K, reserved 1114112K
  class space    used 6537K, committed 7168K, reserved 1048576K
}
Event: 42.694 GC heap before
{Heap before GC invocations=139 (full 3):
 PSYoungGen      total 15360K, used 15082K [0x00000000d5580000, 0x00000000d6600000, 0x0000000100000000)
  eden space 13824K, 99% used [0x00000000d5580000,0x00000000d62fab88,0x00000000d6300000)
  from space 1536K, 83% used [0x00000000d6380000,0x00000000d64bfdc8,0x00000000d6500000)
  to   space 1024K, 0% used [0x00000000d6500000,0x00000000d6500000,0x00000000d6600000)
 ParOldGen       total 103424K, used 76698K [0x0000000080000000, 0x0000000086500000, 0x00000000d5580000)
  object space 103424K, 74% used [0x0000000080000000,0x0000000084ae68e0,0x0000000086500000)
 Metaspace       used 61579K, committed 63104K, reserved 1114112K
  class space    used 6585K, committed 7232K, reserved 1048576K
}
Event: 42.697 GC heap after
{Heap after GC invocations=139 (full 3):
 PSYoungGen      total 14336K, used 1008K [0x00000000d5580000, 0x00000000d6800000, 0x0000000100000000)
  eden space 13312K, 0% used [0x00000000d5580000,0x00000000d5580000,0x00000000d6280000)
  from space 1024K, 98% used [0x00000000d6500000,0x00000000d65fc210,0x00000000d6600000)
  to   space 2560K, 0% used [0x00000000d6280000,0x00000000d6280000,0x00000000d6500000)
 ParOldGen       total 103424K, used 77743K [0x0000000080000000, 0x0000000086500000, 0x00000000d5580000)
  object space 103424K, 75% used [0x0000000080000000,0x0000000084bebf38,0x0000000086500000)
 Metaspace       used 61579K, committed 63104K, reserved 1114112K
  class space    used 6585K, committed 7232K, reserved 1048576K
}

Dll operation events (10 events):
Event: 0.030 Loaded shared library c:\Users\gaura\.vscode\extensions\redhat.java-1.55.0-win32-x64\jre\21.0.11-win32-x86_64\bin\java.dll
Event: 0.249 Loaded shared library c:\Users\gaura\.vscode\extensions\redhat.java-1.55.0-win32-x64\jre\21.0.11-win32-x86_64\bin\zip.dll
Event: 0.313 Loaded shared library C:\Users\gaura\.vscode\extensions\redhat.java-1.55.0-win32-x64\jre\21.0.11-win32-x86_64\bin\instrument.dll
Event: 0.331 Loaded shared library C:\Users\gaura\.vscode\extensions\redhat.java-1.55.0-win32-x64\jre\21.0.11-win32-x86_64\bin\net.dll
Event: 0.335 Loaded shared library C:\Users\gaura\.vscode\extensions\redhat.java-1.55.0-win32-x64\jre\21.0.11-win32-x86_64\bin\nio.dll
Event: 0.356 Loaded shared library C:\Users\gaura\.vscode\extensions\redhat.java-1.55.0-win32-x64\jre\21.0.11-win32-x86_64\bin\zip.dll
Event: 0.412 Loaded shared library C:\Users\gaura\.vscode\extensions\redhat.java-1.55.0-win32-x64\jre\21.0.11-win32-x86_64\bin\jimage.dll
Event: 0.596 Loaded shared library c:\Users\gaura\.vscode\extensions\redhat.java-1.55.0-win32-x64\jre\21.0.11-win32-x86_64\bin\verify.dll
Event: 3.714 Loaded shared library C:\Users\gaura\AppData\Roaming\Code\User\globalStorage\redhat.java\1.55.0\config_win\org.eclipse.equinox.launcher\org.eclipse.equinox.launcher.win32.win32.x86_64_1.3.100.v20260613-0559\eclipse_11924.dll
Event: 8.486 Loaded shared library C:\Users\gaura\AppData\Local\Temp\jna-98128458\jna3593431903004618299.dll

Deoptimization events (20 events):
Event: 34.985 Thread 0x0000023c8723c950 DEOPT PACKING pc=0x0000023c2cfe5284 sp=0x000000aadd4fe790
Event: 34.985 Thread 0x0000023c8723c950 DEOPT UNPACKING pc=0x0000023c32da4242 sp=0x000000aadd4fdce8 mode 0
Event: 34.993 Thread 0x0000023c8723c950 Uncommon trap: trap_request=0xffffff45 fr.pc=0x0000023c33aed320 relative=0x0000000000000c80
Event: 34.993 Thread 0x0000023c8723c950 Uncommon trap: reason=unstable_if action=reinterpret pc=0x0000023c33aed320 method=lombok.eclipse.EclipseNode.traverse(Llombok/eclipse/EclipseASTVisitor;)V @ 28 c2
Event: 34.993 Thread 0x0000023c8723c950 DEOPT PACKING pc=0x0000023c33aed320 sp=0x000000aadd4fe3e0
Event: 34.993 Thread 0x0000023c8723c950 DEOPT UNPACKING pc=0x0000023c32da3aa2 sp=0x000000aadd4fe388 mode 2
Event: 35.138 Thread 0x0000023c8723c950 Uncommon trap: trap_request=0xffffff45 fr.pc=0x0000023c33afd3c4 relative=0x00000000000008c4
Event: 35.138 Thread 0x0000023c8723c950 Uncommon trap: reason=unstable_if action=reinterpret pc=0x0000023c33afd3c4 method=lombok.core.configuration.FileSystemSourceCache.parseIfNeccesary(Llombok/core/configuration/ConfigurationFile;Llombok/core/configuration/ConfigurationParser;)Llombok/core/co
Event: 35.138 Thread 0x0000023c8723c950 DEOPT PACKING pc=0x0000023c33afd3c4 sp=0x000000aadd4fdf60
Event: 35.138 Thread 0x0000023c8723c950 DEOPT UNPACKING pc=0x0000023c32da3aa2 sp=0x000000aadd4fdf08 mode 2
Event: 35.241 Thread 0x0000023c8723c950 Uncommon trap: trap_request=0xffffff45 fr.pc=0x0000023c3334f088 relative=0x0000000000000488
Event: 35.242 Thread 0x0000023c8723c950 Uncommon trap: reason=unstable_if action=reinterpret pc=0x0000023c3334f088 method=java.util.HashMap.resize()[Ljava/util/HashMap$Node; @ 203 c2
Event: 35.242 Thread 0x0000023c8723c950 DEOPT PACKING pc=0x0000023c3334f088 sp=0x000000aadd4fed70
Event: 35.242 Thread 0x0000023c8723c950 DEOPT UNPACKING pc=0x0000023c32da3aa2 sp=0x000000aadd4fecd0 mode 2
Event: 35.293 Thread 0x0000023c8723c950 DEOPT PACKING pc=0x0000023c2cfe5284 sp=0x000000aadd4fe790
Event: 35.293 Thread 0x0000023c8723c950 DEOPT UNPACKING pc=0x0000023c32da4242 sp=0x000000aadd4fdce8 mode 0
Event: 35.304 Thread 0x0000023c8723c950 Uncommon trap: trap_request=0xffffff45 fr.pc=0x0000023c33afa6b0 relative=0x0000000000001c50
Event: 35.304 Thread 0x0000023c8723c950 Uncommon trap: reason=unstable_if action=reinterpret pc=0x0000023c33afa6b0 method=org.eclipse.jdt.internal.compiler.parser.Parser.consumeToken(Lorg/eclipse/jdt/internal/compiler/parser/TerminalToken;)V @ 8 c2
Event: 35.304 Thread 0x0000023c8723c950 DEOPT PACKING pc=0x0000023c33afa6b0 sp=0x000000aadd4fe930
Event: 35.304 Thread 0x0000023c8723c950 DEOPT UNPACKING pc=0x0000023c32da3aa2 sp=0x000000aadd4fe8c8 mode 2

Classes loaded (20 events):
Event: 33.643 Loading class java/nio/file/Files$2
Event: 33.643 Loading class java/nio/file/Files$2 done
Event: 33.716 Loading class sun/nio/cs/ISO_8859_1$Encoder
Event: 33.717 Loading class sun/nio/cs/ISO_8859_1$Encoder done
Event: 33.717 Loading class sun/nio/cs/Surrogate$Parser
Event: 33.726 Loading class sun/nio/cs/Surrogate$Parser done
Event: 33.726 Loading class sun/nio/cs/Surrogate
Event: 33.727 Loading class sun/nio/cs/Surrogate done
Event: 33.815 Loading class java/util/stream/ReferencePipeline$4
Event: 33.816 Loading class java/util/stream/ReferencePipeline$4 done
Event: 33.816 Loading class java/util/stream/Nodes$IntFixedNodeBuilder
Event: 33.817 Loading class java/util/stream/Node$Builder$OfInt
Event: 33.817 Loading class java/util/stream/Node$Builder$OfInt done
Event: 33.817 Loading class java/util/stream/Nodes$IntArrayNode
Event: 33.817 Loading class java/util/stream/Nodes$IntArrayNode done
Event: 33.817 Loading class java/util/stream/Nodes$IntFixedNodeBuilder done
Event: 33.817 Loading class java/util/stream/ReferencePipeline$4$1
Event: 33.818 Loading class java/util/stream/ReferencePipeline$4$1 done
Event: 34.036 Loading class java/util/Hashtable$ValueCollection
Event: 34.036 Loading class java/util/Hashtable$ValueCollection done

Classes unloaded (10 events):
Event: 9.336 Thread 0x0000023c286bfa50 Unloading class 0x0000023c401ab400 'java/lang/invoke/LambdaForm$MH+0x0000023c401ab400'
Event: 9.336 Thread 0x0000023c286bfa50 Unloading class 0x0000023c401ab000 'java/lang/invoke/LambdaForm$MH+0x0000023c401ab000'
Event: 9.336 Thread 0x0000023c286bfa50 Unloading class 0x0000023c401aac00 'java/lang/invoke/LambdaForm$MH+0x0000023c401aac00'
Event: 9.336 Thread 0x0000023c286bfa50 Unloading class 0x0000023c401aa800 'java/lang/invoke/LambdaForm$MH+0x0000023c401aa800'
Event: 9.336 Thread 0x0000023c286bfa50 Unloading class 0x0000023c401aa400 'java/lang/invoke/LambdaForm$BMH+0x0000023c401aa400'
Event: 9.336 Thread 0x0000023c286bfa50 Unloading class 0x0000023c401aa000 'java/lang/invoke/LambdaForm$DMH+0x0000023c401aa000'
Event: 9.336 Thread 0x0000023c286bfa50 Unloading class 0x0000023c401a8c00 'java/lang/invoke/LambdaForm$DMH+0x0000023c401a8c00'
Event: 32.273 Thread 0x0000023c286bfa50 Unloading class 0x0000023c40640c00 'java/lang/invoke/LambdaForm$DMH+0x0000023c40640c00'
Event: 32.273 Thread 0x0000023c286bfa50 Unloading class 0x0000023c40640400 'java/lang/invoke/LambdaForm$DMH+0x0000023c40640400'
Event: 32.273 Thread 0x0000023c286bfa50 Unloading class 0x0000023c40640800 'java/lang/invoke/LambdaForm$DMH+0x0000023c40640800'

Classes redefined (0 events):
No events

Internal exceptions (20 events):
Event: 35.306 Thread 0x0000023c8723c950 Exception <a 'java/lang/NullPointerException'{0x00000000d6166838}> (0x00000000d6166838) 
thrown [s\src\hotspot\share\interpreter\linkResolver.cpp, line 1372]
Event: 35.306 Thread 0x0000023c8723c950 Exception <a 'java/lang/NullPointerException'{0x00000000d6166cf0}> (0x00000000d6166cf0) 
thrown [s\src\hotspot\share\interpreter\linkResolver.cpp, line 1372]
Event: 35.306 Thread 0x0000023c8723c950 Exception <a 'java/lang/NullPointerException'{0x00000000d6167160}> (0x00000000d6167160) 
thrown [s\src\hotspot\share\interpreter\linkResolver.cpp, line 1372]
Event: 35.307 Thread 0x0000023c8723c950 Exception <a 'java/lang/NullPointerException'{0x00000000d6167ce0}> (0x00000000d6167ce0) 
thrown [s\src\hotspot\share\interpreter\linkResolver.cpp, line 1372]
Event: 35.307 Thread 0x0000023c8723c950 Exception <a 'java/lang/NullPointerException'{0x00000000d61688b8}> (0x00000000d61688b8) 
thrown [s\src\hotspot\share\interpreter\linkResolver.cpp, line 1372]
Event: 35.307 Thread 0x0000023c8723c950 Exception <a 'java/lang/NullPointerException'{0x00000000d6168dd0}> (0x00000000d6168dd0) 
thrown [s\src\hotspot\share\interpreter\linkResolver.cpp, line 1372]
Event: 35.307 Thread 0x0000023c8723c950 Exception <a 'java/lang/NullPointerException'{0x00000000d6169360}> (0x00000000d6169360) 
thrown [s\src\hotspot\share\interpreter\linkResolver.cpp, line 1372]
Event: 35.308 Thread 0x0000023c8723c950 Exception <a 'java/lang/NullPointerException'{0x00000000d6169870}> (0x00000000d6169870) 
thrown [s\src\hotspot\share\interpreter\linkResolver.cpp, line 1372]
Event: 35.308 Thread 0x0000023c8723c950 Exception <a 'java/lang/NullPointerException'{0x00000000d616a168}> (0x00000000d616a168) 
thrown [s\src\hotspot\share\interpreter\linkResolver.cpp, line 1372]
Event: 35.308 Thread 0x0000023c8723c950 Exception <a 'java/lang/NullPointerException'{0x00000000d616ad48}> (0x00000000d616ad48) 
thrown [s\src\hotspot\share\interpreter\linkResolver.cpp, line 1372]
Event: 35.309 Thread 0x0000023c8723c950 Exception <a 'java/lang/NullPointerException'{0x00000000d616b938}> (0x00000000d616b938) 
thrown [s\src\hotspot\share\interpreter\linkResolver.cpp, line 1372]
Event: 35.309 Thread 0x0000023c8723c950 Exception <a 'java/lang/NullPointerException'{0x00000000d616be28}> (0x00000000d616be28) 
thrown [s\src\hotspot\share\interpreter\linkResolver.cpp, line 1372]
Event: 42.672 Thread 0x0000023c8723a880 Exception <a 'sun/nio/fs/WindowsException'{0x00000000d622c750}> (0x00000000d622c750) 
thrown [s\src\hotspot\share\prims\jni.cpp, line 520]
Event: 42.672 Thread 0x0000023c8723a880 Exception <a 'sun/nio/fs/WindowsException'{0x00000000d622ce68}> (0x00000000d622ce68) 
thrown [s\src\hotspot\share\prims\jni.cpp, line 520]
Event: 42.680 Thread 0x0000023c8723a880 Exception <a 'sun/nio/fs/WindowsException'{0x00000000d62799e8}> (0x00000000d62799e8) 
thrown [s\src\hotspot\share\prims\jni.cpp, line 520]
Event: 42.680 Thread 0x0000023c8723a880 Exception <a 'sun/nio/fs/WindowsException'{0x00000000d627a100}> (0x00000000d627a100) 
thrown [s\src\hotspot\share\prims\jni.cpp, line 520]
Event: 42.848 Thread 0x0000023c8723a880 Exception <a 'sun/nio/fs/WindowsException'{0x00000000d55a82c0}> (0x00000000d55a82c0) 
thrown [s\src\hotspot\share\prims\jni.cpp, line 520]
Event: 42.848 Thread 0x0000023c8723a880 Exception <a 'sun/nio/fs/WindowsException'{0x00000000d55a89d8}> (0x00000000d55a89d8) 
thrown [s\src\hotspot\share\prims\jni.cpp, line 520]
Event: 42.857 Thread 0x0000023c8723a880 Exception <a 'sun/nio/fs/WindowsException'{0x00000000d55e2a88}> (0x00000000d55e2a88) 
thrown [s\src\hotspot\share\prims\jni.cpp, line 520]
Event: 42.857 Thread 0x0000023c8723a880 Exception <a 'sun/nio/fs/WindowsException'{0x00000000d55e3400}> (0x00000000d55e3400) 
thrown [s\src\hotspot\share\prims\jni.cpp, line 520]

ZGC Phase Switch (0 events):
No events

VM Operations (20 events):
Event: 120.180 Executing non-safepoint VM operation: HandshakeAllThreads (HandshakeForDeflation)
Event: 120.180 Executing non-safepoint VM operation: HandshakeAllThreads (HandshakeForDeflation) done
Event: 120.180 Executing non-safepoint VM operation: RendezvousGCThreads
Event: 120.180 Executing non-safepoint VM operation: RendezvousGCThreads done
Event: 180.370 Executing non-safepoint VM operation: HandshakeAllThreads (HandshakeForDeflation)
Event: 180.370 Executing non-safepoint VM operation: HandshakeAllThreads (HandshakeForDeflation) done
Event: 180.370 Executing non-safepoint VM operation: RendezvousGCThreads
Event: 180.370 Executing non-safepoint VM operation: RendezvousGCThreads done
Event: 240.455 Executing non-safepoint VM operation: HandshakeAllThreads (HandshakeForDeflation)
Event: 240.455 Executing non-safepoint VM operation: HandshakeAllThreads (HandshakeForDeflation) done
Event: 240.455 Executing non-safepoint VM operation: RendezvousGCThreads
Event: 240.455 Executing non-safepoint VM operation: RendezvousGCThreads done
Event: 300.676 Executing non-safepoint VM operation: HandshakeAllThreads (HandshakeForDeflation)
Event: 300.676 Executing non-safepoint VM operation: HandshakeAllThreads (HandshakeForDeflation) done
Event: 300.676 Executing non-safepoint VM operation: RendezvousGCThreads
Event: 300.676 Executing non-safepoint VM operation: RendezvousGCThreads done
Event: 304.678 Executing safepoint VM operation: Cleanup
Event: 304.679 Executing safepoint VM operation: Cleanup done
Event: 311.693 Executing safepoint VM operation: Cleanup
Event: 311.693 Executing safepoint VM operation: Cleanup done

Memory protections (0 events):
No events

Nmethod flushes (20 events):
Event: 32.318 Thread 0x0000023c286bfa50 flushing  nmethod 0x0000023c2c02ef90
Event: 32.318 Thread 0x0000023c286bfa50 flushing  nmethod 0x0000023c2c02fd10
Event: 32.318 Thread 0x0000023c286bfa50 flushing  nmethod 0x0000023c2c05ac10
Event: 32.318 Thread 0x0000023c286bfa50 flushing osr nmethod 0x0000023c2c098610
Event: 32.318 Thread 0x0000023c286bfa50 flushing  nmethod 0x0000023c2c0cd810
Event: 32.318 Thread 0x0000023c286bfa50 flushing  nmethod 0x0000023c2c0cdf90
Event: 32.318 Thread 0x0000023c286bfa50 flushing  nmethod 0x0000023c2c0e5790
Event: 32.318 Thread 0x0000023c286bfa50 flushing  nmethod 0x0000023c2c0e8310
Event: 32.318 Thread 0x0000023c286bfa50 flushing  nmethod 0x0000023c2c0eb810
Event: 32.318 Thread 0x0000023c286bfa50 flushing  nmethod 0x0000023c2c0ec190
Event: 32.318 Thread 0x0000023c286bfa50 flushing  nmethod 0x0000023c2c0ec510
Event: 32.318 Thread 0x0000023c286bfa50 flushing  nmethod 0x0000023c2c0ede90
Event: 32.318 Thread 0x0000023c286bfa50 flushing  nmethod 0x0000023c2c0ee490
Event: 32.318 Thread 0x0000023c286bfa50 flushing  nmethod 0x0000023c2c107f10
Event: 32.318 Thread 0x0000023c286bfa50 flushing  nmethod 0x0000023c2c108510
Event: 32.318 Thread 0x0000023c286bfa50 flushing  nmethod 0x0000023c2c108d90
Event: 32.318 Thread 0x0000023c286bfa50 flushing  nmethod 0x0000023c2c109a90
Event: 32.318 Thread 0x0000023c286bfa50 flushing  nmethod 0x0000023c2c10b290
Event: 32.318 Thread 0x0000023c286bfa50 flushing  nmethod 0x0000023c2c130190
Event: 32.318 Thread 0x0000023c286bfa50 flushing  nmethod 0x0000023c2c135b90

Events (20 events):
Event: 23.465 Thread 0x0000023c88c0d560 Thread exited: 0x0000023c88c0d560
Event: 26.660 Thread 0x0000023c89964560 Thread exited: 0x0000023c89964560
Event: 26.660 Thread 0x0000023c89966770 Thread exited: 0x0000023c89966770
Event: 26.761 Thread 0x0000023c801fdf10 Thread added: 0x0000023c86b191c0
Event: 26.784 Thread 0x0000023c801fdf10 Thread added: 0x0000023c88117210
Event: 31.111 Thread 0x0000023c88117210 Thread exited: 0x0000023c88117210
Event: 31.532 Thread 0x0000023c86b191c0 Thread exited: 0x0000023c86b191c0
Event: 33.366 Thread 0x0000023c801fdf10 Thread added: 0x0000023c8877e3c0
Event: 33.451 Thread 0x0000023c801fdf10 Thread added: 0x0000023c8877f160
Event: 40.940 Thread 0x0000023c8877f160 Thread exited: 0x0000023c8877f160
Event: 40.971 Thread 0x0000023c8877e3c0 Thread exited: 0x0000023c8877e3c0
Event: 42.959 Thread 0x0000023c801fdf10 Thread added: 0x0000023c86b191c0
Event: 48.001 Thread 0x0000023c86b191c0 Thread exited: 0x0000023c86b191c0
Event: 102.686 Thread 0x0000023c88c0b490 Thread exited: 0x0000023c88c0b490
Event: 102.969 Thread 0x0000023c87239b60 Thread exited: 0x0000023c87239b60
Event: 102.969 Thread 0x0000023c8723a880 Thread exited: 0x0000023c8723a880
Event: 162.714 Thread 0x0000023c88c0bb20 Thread exited: 0x0000023c88c0bb20
Event: 222.713 Thread 0x0000023c88c09a50 Thread exited: 0x0000023c88c09a50
Event: 222.985 Thread 0x0000023c8723c2c0 Thread exited: 0x0000023c8723c2c0
Event: 282.720 Thread 0x0000023c88c0ced0 Thread exited: 0x0000023c88c0ced0


Dynamic libraries:
0x00007ff687b00000 - 0x00007ff687b0e000 	c:\Users\gaura\.vscode\extensions\redhat.java-1.55.0-win32-x64\jre\21.0.11-win32-x86_64\bin\java.exe
0x00007fff272a0000 - 0x00007fff27506000 	C:\WINDOWS\SYSTEM32\ntdll.dll
0x00007fff25fa0000 - 0x00007fff26069000 	C:\WINDOWS\System32\KERNEL32.DLL
0x00007fff24bc0000 - 0x00007fff24fbf000 	C:\WINDOWS\System32\KERNELBASE.dll
0x00007fff249b0000 - 0x00007fff24afc000 	C:\WINDOWS\System32\ucrtbase.dll
0x00007fff13cf0000 - 0x00007fff13d08000 	c:\Users\gaura\.vscode\extensions\redhat.java-1.55.0-win32-x64\jre\21.0.11-win32-x86_64\bin\jli.dll
0x00007fff25ae0000 - 0x00007fff25ca6000 	C:\WINDOWS\System32\USER32.dll
0x00007fff136b0000 - 0x00007fff136ce000 	c:\Users\gaura\.vscode\extensions\redhat.java-1.55.0-win32-x64\jre\21.0.11-win32-x86_64\bin\VCRUNTIME140.dll
0x00007fff24670000 - 0x00007fff24697000 	C:\WINDOWS\System32\win32u.dll
0x00007fff110c0000 - 0x00007fff11351000 	C:\WINDOWS\WinSxS\amd64_microsoft.windows.common-controls_6595b64144ccf1df_6.0.26100.8972_none_3e0da176e32f9d4b\COMCTL32.dll
0x00007fff26100000 - 0x00007fff2612b000 	C:\WINDOWS\System32\GDI32.dll
0x00007fff262d0000 - 0x00007fff26379000 	C:\WINDOWS\System32\msvcrt.dll
0x00007fff244b0000 - 0x00007fff245d9000 	C:\WINDOWS\System32\gdi32full.dll
0x00007fff24b10000 - 0x00007fff24bb3000 	C:\WINDOWS\System32\msvcp_win.dll
0x00007fff25f60000 - 0x00007fff25f92000 	C:\WINDOWS\System32\IMM32.DLL
0x00007fff201e0000 - 0x00007fff201ec000 	c:\Users\gaura\.vscode\extensions\redhat.java-1.55.0-win32-x64\jre\21.0.11-win32-x86_64\bin\vcruntime140_1.dll
0x00007ffeed100000 - 0x00007ffeed18d000 	c:\Users\gaura\.vscode\extensions\redhat.java-1.55.0-win32-x64\jre\21.0.11-win32-x86_64\bin\msvcp140.dll
0x00007ffe91510000 - 0x00007ffe922b2000 	c:\Users\gaura\.vscode\extensions\redhat.java-1.55.0-win32-x64\jre\21.0.11-win32-x86_64\bin\server\jvm.dll
0x00007fff25e90000 - 0x00007fff25f4c000 	C:\WINDOWS\System32\ADVAPI32.dll
0x00007fff25480000 - 0x00007fff2552a000 	C:\WINDOWS\System32\sechost.dll
0x00007fff25700000 - 0x00007fff25818000 	C:\WINDOWS\System32\RPCRT4.dll
0x00007fff271d0000 - 0x00007fff27252000 	C:\WINDOWS\System32\WS2_32.dll
0x00007fff24310000 - 0x00007fff2436e000 	C:\WINDOWS\SYSTEM32\POWRPROF.dll
0x00007fff0b840000 - 0x00007fff0b876000 	C:\WINDOWS\SYSTEM32\WINMM.dll
0x00007fff1b0c0000 - 0x00007fff1b0cb000 	C:\WINDOWS\SYSTEM32\VERSION.dll
0x00007fff242f0000 - 0x00007fff24305000 	C:\WINDOWS\SYSTEM32\UMPDC.dll
0x00007fff23140000 - 0x00007fff2315b000 	C:\WINDOWS\SYSTEM32\kernel.appcore.dll
0x00007fff201b0000 - 0x00007fff201ba000 	c:\Users\gaura\.vscode\extensions\redhat.java-1.55.0-win32-x64\jre\21.0.11-win32-x86_64\bin\jimage.dll
0x00007fff21730000 - 0x00007fff21972000 	C:\WINDOWS\SYSTEM32\DBGHELP.DLL
0x00007fff26ba0000 - 0x00007fff26f25000 	C:\WINDOWS\System32\combase.dll
0x00007fff25830000 - 0x00007fff25909000 	C:\WINDOWS\System32\OLEAUT32.dll
0x00007fff09000000 - 0x00007fff0903b000 	C:\WINDOWS\SYSTEM32\dbgcore.DLL
0x00007fff24830000 - 0x00007fff248dc000 	C:\WINDOWS\System32\bcryptPrimitives.dll
0x00007fff1eec0000 - 0x00007fff1eecf000 	c:\Users\gaura\.vscode\extensions\redhat.java-1.55.0-win32-x64\jre\21.0.11-win32-x86_64\bin\instrument.dll
0x00007fff12100000 - 0x00007fff12120000 	c:\Users\gaura\.vscode\extensions\redhat.java-1.55.0-win32-x64\jre\21.0.11-win32-x86_64\bin\java.dll
0x00007fff26410000 - 0x00007fff26b98000 	C:\WINDOWS\System32\SHELL32.dll
0x00007fff21f10000 - 0x00007fff227ab000 	C:\WINDOWS\SYSTEM32\windows.storage.dll
0x00007fff27070000 - 0x00007fff27169000 	C:\WINDOWS\System32\SHCORE.dll
0x00007fff26f30000 - 0x00007fff26f96000 	C:\WINDOWS\System32\shlwapi.dll
0x00007fff243d0000 - 0x00007fff243f9000 	C:\WINDOWS\SYSTEM32\profapi.dll
0x00007fff11e90000 - 0x00007fff11ea8000 	c:\Users\gaura\.vscode\extensions\redhat.java-1.55.0-win32-x64\jre\21.0.11-win32-x86_64\bin\zip.dll
0x00007fff17a10000 - 0x00007fff17a20000 	C:\Users\gaura\.vscode\extensions\redhat.java-1.55.0-win32-x64\jre\21.0.11-win32-x86_64\bin\net.dll
0x00007fff175f0000 - 0x00007fff17718000 	C:\WINDOWS\SYSTEM32\WINHTTP.dll
0x00007fff23710000 - 0x00007fff2377c000 	C:\WINDOWS\system32\mswsock.dll
0x00007fff0f4a0000 - 0x00007fff0f4b6000 	C:\Users\gaura\.vscode\extensions\redhat.java-1.55.0-win32-x64\jre\21.0.11-win32-x86_64\bin\nio.dll
0x00007fff15940000 - 0x00007fff15950000 	c:\Users\gaura\.vscode\extensions\redhat.java-1.55.0-win32-x64\jre\21.0.11-win32-x86_64\bin\verify.dll
0x00007fff08fa0000 - 0x00007fff08fe5000 	C:\Users\gaura\AppData\Roaming\Code\User\globalStorage\redhat.java\1.55.0\config_win\org.eclipse.equinox.launcher\org.eclipse.equinox.launcher.win32.win32.x86_64_1.3.100.v20260613-0559\eclipse_11924.dll
0x00007fff26130000 - 0x00007fff262c9000 	C:\WINDOWS\System32\ole32.dll
0x00007fff23a20000 - 0x00007fff23a3b000 	C:\WINDOWS\SYSTEM32\CRYPTSP.dll
0x00007fff230a0000 - 0x00007fff230d9000 	C:\WINDOWS\system32\rsaenh.dll
0x00007fff237c0000 - 0x00007fff237f2000 	C:\WINDOWS\SYSTEM32\USERENV.dll
0x00007fff243a0000 - 0x00007fff243ca000 	C:\WINDOWS\SYSTEM32\bcrypt.dll
0x00007fff23a00000 - 0x00007fff23a0c000 	C:\WINDOWS\SYSTEM32\CRYPTBASE.dll
0x00007fff22ae0000 - 0x00007fff22b13000 	C:\WINDOWS\SYSTEM32\IPHLPAPI.DLL
0x00007fff27060000 - 0x00007fff2706a000 	C:\WINDOWS\System32\NSI.dll
0x00007ffee15c0000 - 0x00007ffee1609000 	C:\Users\gaura\AppData\Local\Temp\jna-98128458\jna3593431903004618299.dll
0x00007fff25820000 - 0x00007fff25828000 	C:\WINDOWS\System32\PSAPI.DLL
0x00007fff175c0000 - 0x00007fff175dd000 	C:\WINDOWS\SYSTEM32\dhcpcsvc6.DLL
0x00007fff17590000 - 0x00007fff175b5000 	C:\WINDOWS\SYSTEM32\dhcpcsvc.DLL

JVMTI agents:
c:\Users\gaura\.vscode\extensions\redhat.java-1.55.0-win32-x64\lombok\lombok-1.18.39-4050.jar path:c:\Users\gaura\.vscode\extensions\redhat.java-1.55.0-win32-x64\jre\21.0.11-win32-x86_64\bin\instrument.dll, loaded, initialized, instrumentlib options:none

dbghelp: loaded successfully - version: 4.0.5 - missing functions: none
symbol engine: initialized successfully - sym options: 0x614 - pdb path: .;c:\Users\gaura\.vscode\extensions\redhat.java-1.55.0-win32-x64\jre\21.0.11-win32-x86_64\bin;C:\WINDOWS\SYSTEM32;C:\WINDOWS\WinSxS\amd64_microsoft.windows.common-controls_6595b64144ccf1df_6.0.26100.8972_none_3e0da176e32f9d4b;c:\Users\gaura\.vscode\extensions\redhat.java-1.55.0-win32-x64\jre\21.0.11-win32-x86_64\bin\server;C:\Users\gaura\AppData\Roaming\Code\User\globalStorage\redhat.java\1.55.0\config_win\org.eclipse.equinox.launcher\org.eclipse.equinox.launcher.win32.win32.x86_64_1.3.100.v20260613-0559;C:\Users\gaura\AppData\Local\Temp\jna-98128458

VM Arguments:
jvm_args: --add-modules=ALL-SYSTEM --add-opens=java.base/java.util=ALL-UNNAMED --add-opens=java.base/java.lang=ALL-UNNAMED --add-opens=java.base/sun.nio.fs=ALL-UNNAMED -Declipse.application=org.eclipse.jdt.ls.core.id1 -Dosgi.bundles.defaultStartLevel=4 -Declipse.product=org.eclipse.jdt.ls.core.product -Djava.import.generatesMetadataFilesAtProjectRoot=false -DDetectVMInstallationsJob.disabled=true -Dfile.encoding=utf8 -XX:+UseParallelGC -XX:GCTimeRatio=4 -XX:AdaptiveSizePolicyWeight=90 -Dsun.zip.disableMemoryMapping=true -Xmx2G -Xms100m -Xlog:disable -javaagent:c:\Users\gaura\.vscode\extensions\redhat.java-1.55.0-win32-x64\lombok\lombok-1.18.39-4050.jar -XX:+HeapDumpOnOutOfMemoryError -XX:HeapDumpPath=c:\Users\gaura\AppData\Roaming\Code\User\workspaceStorage\37db752e0d5116428e49322901bc1e70\redhat.java -Daether.dependencyCollector.impl=bf 
java_command: c:\Users\gaura\.vscode\extensions\redhat.java-1.55.0-win32-x64\server\plugins\org.eclipse.equinox.launcher_1.7.200.v20260619-2039.jar -configuration c:\Users\gaura\AppData\Roaming\Code\User\globalStorage\redhat.java\1.55.0\config_win -data c:\Users\gaura\AppData\Roaming\Code\User\workspaceStorage\37db752e0d5116428e49322901bc1e70\redhat.java\jdt_ws --pipe=\\.\pipe\lsp-e0f2f694912632a1c068827e3c84d654-sock
java_class_path (initial): c:\Users\gaura\.vscode\extensions\redhat.java-1.55.0-win32-x64\server\plugins\org.eclipse.equinox.launcher_1.7.200.v20260619-2039.jar
Launcher Type: SUN_STANDARD

[Global flags]
    uintx AdaptiveSizePolicyWeight                 = 90                                        {product} {command line}
     intx CICompilerCount                          = 4                                         {product} {ergonomic}
    uintx GCTimeRatio                              = 4                                         {product} {command line}
     bool HeapDumpOnOutOfMemoryError               = true                                   {manageable} {command line}
    ccstr HeapDumpPath                             = c:\Users\gaura\AppData\Roaming\Code\User\workspaceStorage\37db752e0d5116428e49322901bc1e70\redhat.java         {manageable} {command line}
   size_t InitialHeapSize                          = 104857600                                 {product} {command line}
   size_t MaxHeapSize                              = 2147483648                                {product} {command line}
   size_t MaxNewSize                               = 715653120                                 {product} {ergonomic}
   size_t MinHeapDeltaBytes                        = 524288                                    {product} {ergonomic}
   size_t MinHeapSize                              = 104857600                                 {product} {command line}
   size_t NewSize                                  = 34603008                                  {product} {ergonomic}
    uintx NonNMethodCodeHeapSize                   = 5839372                                {pd product} {ergonomic}
    uintx NonProfiledCodeHeapSize                  = 122909434                              {pd product} {ergonomic}
   size_t OldSize                                  = 70254592                                  {product} {ergonomic}
    uintx ProfiledCodeHeapSize                     = 122909434                              {pd product} {ergonomic}
    uintx ReservedCodeCacheSize                    = 251658240                              {pd product} {ergonomic}
     bool SegmentedCodeCache                       = true                                      {product} {ergonomic}
   size_t SoftMaxHeapSize                          = 2147483648                             {manageable} {ergonomic}
     bool UseCompressedOops                        = true                           {product lp64_product} {ergonomic}
     bool UseLargePagesIndividualAllocation        = false                                  {pd product} {ergonomic}
     bool UseParallelGC                            = true                                      {product} {command line}

Logging:
Log output configuration:
 #0: stdout all=off uptime,level,tags foldmultilines=false
 #1: stderr all=off uptime,level,tags foldmultilines=false

Release file:
JAVA_VERSION="21.0.11" 
MODULES="java.base java.compiler java.datatransfer java.xml java.prefs java.desktop java.instrument java.logging java.management java.security.sasl java.naming java.rmi java.management.rmi java.net.http java.scripting java.security.jgss java.transaction.xa java.sql java.sql.rowset java.xml.crypto java.se java.smartcardio jdk.accessibility jdk.internal.jvmstat jdk.attach jdk.charsets jdk.internal.opt jdk.zipfs jdk.compiler jdk.crypto.ec jdk.crypto.cryptoki jdk.crypto.mscapi jdk.dynalink jdk.internal.ed jdk.editpad jdk.hotspot.agent jdk.httpserver jdk.internal.le jdk.internal.vm.ci jdk.internal.vm.compiler jdk.internal.vm.compiler.management jdk.jartool jdk.javadoc jdk.jcmd jdk.management jdk.management.agent jdk.jconsole jdk.jdeps jdk.jdwp.agent jdk.jdi jdk.jfr jdk.jshell jdk.jsobject jdk.jstatd jdk.localedata jdk.management.jfr jdk.naming.dns jdk.naming.rmi jdk.net jdk.nio.mapmode jdk.random jdk.sctp jdk.security.auth jdk.security.jgss jdk.unsupported jdk.unsupported.desktop jdk.xml.dom" 

Environment Variables:
PATH=C:\Program Files\Eclipse Adoptium\jdk-17.0.18.8-hotspot\bin;C:\Program Files\Eclipse Adoptium\jdk-8.0.482.8-hotspot\bin;C:\WINDOWS\system32;C:\WINDOWS;C:\WINDOWS\System32\Wbem;C:\WINDOWS\System32\WindowsPowerShell\v1.0\;C:\WINDOWS\System32\OpenSSH\;C:\Program Files\Git\cmd;C:\Program Files\nodejs\;C:\Program Files\Docker\Docker\resources\bin;C:\Program Files\Cloudflare\Cloudflare WARP\;C:\Program Files\MySQL\MySQL Server 9.7\bin;C:\Users\gaura\AppData\Local\Programs\Python\Python314\Scripts\;C:\Users\gaura\AppData\Local\Programs\Python\Python314\;C:\Users\gaura\AppData\Local\Microsoft\WindowsApps;C:\Users\gaura\AppData\Local\Programs\Microsoft VS Code\bin;C:\Program Files\JetBrains\IntelliJ IDEA 2026.1\bin;C:\Users\gaura\AppData\Local\Programs\Antigravity\bin;C:\Users\gaura\AppData\Roaming\npm;C:\Users\gaura\AppData\Local\Programs\Antigravity IDE\bin;C:\Users\gaura\AppData\Local\Programs\Kiro\bin
USERNAME=gaura
OS=Windows_NT
PROCESSOR_IDENTIFIER=Intel64 Family 6 Model 142 Stepping 11, GenuineIntel
TMP=C:\Users\gaura\AppData\Local\Temp
TEMP=C:\Users\gaura\AppData\Local\Temp




Periodic native trim disabled

---------------  S Y S T E M  ---------------

OS:
 Windows 11 , 64 bit Build 26100 (10.0.26100.9168)
OS uptime: 0 days 2:34 hours
Hyper-V role detected

CPU: total 8 (initial active 8) (4 cores per cpu, 2 threads per core) family 6 model 142 stepping 11 microcode 0xf4, cx8, cmov, fxsr, ht, mmx, 3dnowpref, sse, sse2, sse3, ssse3, sse4.1, sse4.2, popcnt, lzcnt, tsc, tscinvbit, avx, avx2, aes, erms, clmul, bmi1, bmi2, adx, fma, vzeroupper, clflush, clflushopt, hv, rdtscp, f16c
Processor Information for the first 8 processors :
  Max Mhz: 1800, Current Mhz: 1600, Mhz Limit: 1584

Memory: 4k page, system-wide physical 8067M (333M free)
TotalPageFile size 16132M (AvailPageFile size 53M)
current process WorkingSet (physical memory assigned to process): 22M, peak: 378M
current process commit charge ("private bytes"): 407M, peak: 450M

vm_info: OpenJDK 64-Bit Server VM (21.0.11+10-LTS) for windows-amd64 JRE (21.0.11+10-LTS), built on 2026-04-21T00:00:00Z by "admin" with MS VC++ 17.12 (VS2022)

END.
